// Jest Snapshot v1, https://goo.gl/fbAQLP

exports[`Cities list is rendered correctly after relaunch 1`] = `
<section
  className="locations container"
>
  <ul
    className="locations__list tabs__list"
  >
    <li
      className="locations__item"
      onClick={[Function]}
    >
      <span
        className="locations__item-link tabs__item tabs__item--active"
      >
        Amsterdam
      </span>
    </li>
    <li
      className="locations__item"
      onClick={[Function]}
    >
      <span
        className="locations__item-link tabs__item false"
      >
        Moscow
      </span>
    </li>
  </ul>
</section>
`;
