// Jest Snapshot v1, https://goo.gl/fbAQLP

exports[`App is rendered correctly after relaunch 1`] = `
<Connect(WithActiveItem)
  places={
    Array [
      Object {
        "city": "Amsterdam",
        "coordinates": Array [
          52.3909553943508,
          4.85309666406198,
        ],
        "isBookmarked": true,
        "isPremium": false,
        "name": "Wood and stone place",
        "picture": "img/apartment-01.jpg",
        "price": 80,
        "priceText": "night",
        "type": "Private room",
      },
      Object {
        "city": "Amsterdam",
        "coordinates": Array [
          52.369553943508,
          4.85309666406198,
        ],
        "isBookmarked": false,
        "isPremium": true,
        "name": "Beautiful & luxurious apartment at great location",
        "picture": "img/apartment-02.jpg",
        "price": 120,
        "priceText": "night",
        "type": "Apartment",
      },
      Object {
        "city": "Amsterdam",
        "coordinates": Array [
          52.3909553943508,
          4.929309666406198,
        ],
        "isBookmarked": true,
        "isPremium": true,
        "name": "Nice, cozy, warm big bed apartment",
        "picture": "img/apartment-03.jpg",
        "price": 180,
        "priceText": "night",
        "type": "Apartment",
      },
      Object {
        "city": "Moscow",
        "coordinates": Array [
          52.3809553943508,
          4.939309666406198,
        ],
        "isBookmarked": false,
        "isPremium": false,
        "name": "Wood and stone place",
        "picture": "https://picsum.photos/260/200",
        "price": 90,
        "priceText": "night",
        "type": "Private room",
      },
    ]
  }
/>
`;
